Initialized native services in: C:\Users\ASUS\.gradle\native
Initialized jansi services in: C:\Users\ASUS\.gradle\native
The client will now receive all logging from the daemon (pid: 17832). The daemon log file: C:\Users\ASUS\.gradle\daemon\8.14.2\daemon-17832.out.log
Starting 7th build in daemon [uptime: 3 mins 9.795 secs, performance: 100%, GC rate: 0.00/s, heap usage: 0% of 512 MiB, non-heap usage: 26% of 384 MiB]
Using 16 worker leases.
Now considering [C:\Users\ASUS\Desktop\ISHM\Interactive_Soil_Health_Map\Interactive_Soil_Health_Map] as hierarchies to watch
Watching the file system is configured to be enabled if available
File system watching is active
Starting Build
Settings evaluated using settings file 'C:\Users\ASUS\Desktop\ISHM\Interactive_Soil_Health_Map\Interactive_Soil_Health_Map\settings.gradle'.
Projects loaded. Root project using build file 'C:\Users\ASUS\Desktop\ISHM\Interactive_Soil_Health_Map\Interactive_Soil_Health_Map\build.gradle'.
Included projects: [root project 'Interactive_Soil_Health_Map']

> Configure project :
Evaluating root project 'Interactive_Soil_Health_Map' using build file 'C:\Users\ASUS\Desktop\ISHM\Interactive_Soil_Health_Map\Interactive_Soil_Health_Map\build.gradle'.
Resolved plugin [id: 'com.github.johnrengelman.shadow', version: '8.1.1']
Resolved plugin [id: 'io.micronaut.application', version: '4.2.1']
Creating docker tasks for image main
[native-image-plugin] ====================
[native-image-plugin] Initializing project: Interactive_Soil_Health_Map
[native-image-plugin] ====================
[native-image-plugin] Not instrumenting task with native-image-agent: dockerBuild. Reason: Task does not match user predicate
[native-image-plugin] Not instrumenting task with native-image-agent: dockerBuildNative. Reason: Task does not match user predicate
[native-image-plugin] Not instrumenting task with native-image-agent: jar. Reason: Task does not match user predicate
[native-image-plugin] Not instrumenting task with native-image-agent: shadowJar. Reason: Task does not match user predicate
[native-image-plugin] Not instrumenting task with native-image-agent: tasks. Reason: Task does not match user predicate
All projects evaluated.
Task name matched 'test'
Selected primary task 'test' from project :
[native-image-plugin] Not instrumenting task with native-image-agent: inspectRuntimeClasspath. Reason: Task does not match user predicate
[native-image-plugin] Not instrumenting task with native-image-agent: compileTestJava. Reason: Task does not match user predicate
[native-image-plugin] Not instrumenting task with native-image-agent: compileJava. Reason: Task does not match user predicate
[native-image-plugin] Not instrumenting task with native-image-agent: classes. Reason: Task does not match user predicate
[native-image-plugin] Not instrumenting task with native-image-agent: testClasses. Reason: Task does not match user predicate
[native-image-plugin] Not instrumenting task with native-image-agent: runnerJar. Reason: Task does not match user predicate
[native-image-plugin] Not instrumenting task with native-image-agent: nativeCompileClasspathJar. Reason: Task does not match user predicate
[native-image-plugin] Not instrumenting task with native-image-agent: nativeTestCompileClasspathJar. Reason: Task does not match user predicate
[native-image-plugin] Not instrumenting task with native-image-agent: processResources. Reason: Task does not match user predicate
[native-image-plugin] Not instrumenting task with native-image-agent: processTestResources. Reason: Task does not match user predicate
Tasks to be executed: [task ':compileJava', task ':processResources', task ':classes', task ':compileTestJava', task ':inspectRuntimeClasspath', task ':processTestResources', task ':testClasses', task ':test']
Tasks that were excluded: []
[native-image-plugin] Not instrumenting task with native-image-agent: clean. Reason: Task does not match user predicate
Resolve mutations for :compileJava (Thread[#788,Execution worker,5,main]) started.
:compileJava (Thread[#797,Execution worker Thread 10,5,main]) started.

> Task :compileJava UP-TO-DATE
Caching disabled for task ':compileJava' because:
  Build cache is disabled
Skipping task ':compileJava' as it is up-to-date.
Resolve mutations for :processResources (Thread[#797,Execution worker Thread 10,5,main]) started.
:processResources (Thread[#789,Execution worker Thread 2,5,main]) started.

> Task :processResources UP-TO-DATE
Caching disabled for task ':processResources' because:
  Build cache is disabled
  Not worth caching
Skipping task ':processResources' as it is up-to-date.
Resolve mutations for :classes (Thread[#797,Execution worker Thread 10,5,main]) started.
:classes (Thread[#797,Execution worker Thread 10,5,main]) started.

> Task :classes UP-TO-DATE
Skipping task ':classes' as it has no actions.
Resolve mutations for :compileTestJava (Thread[#797,Execution worker Thread 10,5,main]) started.
:compileTestJava (Thread[#797,Execution worker Thread 10,5,main]) started.

> Task :compileTestJava UP-TO-DATE
Caching disabled for task ':compileTestJava' because:
  Build cache is disabled
Skipping task ':compileTestJava' as it is up-to-date.
Resolve mutations for :inspectRuntimeClasspath (Thread[#797,Execution worker Thread 10,5,main]) started.
:inspectRuntimeClasspath (Thread[#797,Execution worker Thread 10,5,main]) started.

> Task :inspectRuntimeClasspath UP-TO-DATE
Caching disabled for task ':inspectRuntimeClasspath' because:
  Build cache is disabled
Skipping task ':inspectRuntimeClasspath' as it is up-to-date.
Resolve mutations for :processTestResources (Thread[#797,Execution worker Thread 10,5,main]) started.
:processTestResources (Thread[#797,Execution worker Thread 10,5,main]) started.

> Task :processTestResources NO-SOURCE
Deleting stale output file: C:\Users\ASUS\Desktop\ISHM\Interactive_Soil_Health_Map\Interactive_Soil_Health_Map\build\resources\test
Skipping task ':processTestResources' as it has no source files and no previous output files.
Resolve mutations for :testClasses (Thread[#797,Execution worker Thread 10,5,main]) started.
:testClasses (Thread[#800,Execution worker Thread 13,5,main]) started.

> Task :testClasses UP-TO-DATE
Skipping task ':testClasses' as it has no actions.
Resolve mutations for :test (Thread[#800,Execution worker Thread 13,5,main]) started.
:test (Thread[#797,Execution worker Thread 10,5,main]) started.
Gradle Test Executor 3 started executing tests.

> Task :test
Custom actions are attached to task ':test'.
Caching disabled for task ':test' because:
  Build cache is disabled
Task ':test' is not up-to-date because:
  Task has failed previously.
Starting process 'Gradle Test Executor 3'. Working directory: C:\Users\ASUS\Desktop\ISHM\Interactive_Soil_Health_Map\Interactive_Soil_Health_Map Command: C:\Program Files\Java\jdk-23\bin\java.exe -Djunit.platform.listeners.uid.tracking.enabled=true -Djunit.platform.listeners.uid.tracking.output.dir=C:\Users\ASUS\Desktop\ISHM\Interactive_Soil_Health_Map\Interactive_Soil_Health_Map\build\test-results\test\testlist -Dorg.gradle.internal.worker.tmpdir=C:\Users\ASUS\Desktop\ISHM\Interactive_Soil_Health_Map\Interactive_Soil_Health_Map\build\tmp\test\work @C:\Users\ASUS\.gradle\.tmp\gradle-worker-classpath5139401237846804610txt -Xmx512m -Dfile.encoding=UTF-8 -Duser.country=US -Duser.language=en -Duser.variant -ea worker.org.gradle.process.internal.worker.GradleWorkerMain 'Gradle Test Executor 3'
Successfully started process 'Gradle Test Executor 3'

Interactive_Soil_Health_MapTest STANDARD_OUT
    [36m23:41:53.931[0;39m [1;30m[Test worker][0;39m [34mINFO [0;39m [35mi.m.c.DefaultApplicationContext$RuntimeConfiguredEnvironment[0;39m - Established active environments: [test]
    [36m23:41:54.193[0;39m [1;30m[Test worker][0;39m [34mINFO [0;39m [35mcom.zaxxer.hikari.HikariDataSource[0;39m - HikariPool-1 - Starting...

Gradle Test Executor 3 finished executing tests.

> Task :test FAILED

Interactive_Soil_Health_MapTest > initializationError FAILED
    io.micronaut.context.exceptions.BeanInstantiationException: Bean definition [javax.sql.DataSource] could not be loaded: Error instantiating bean of type  [javax.sql.DataSource]

    Message: Failed to initialize pool: The connection attempt failed.
    Path Taken:
    @i.m.c.a.Context j.s.DataSource i.m.c.j.h.DatasourceFactory.dataSource#dataSource(DatasourceConfiguration datasourceConfiguration)
        at app//io.micronaut.context.DefaultBeanContext.initializeContext(DefaultBeanContext.java:2040)
        at app//io.micronaut.context.DefaultApplicationContext.initializeContext(DefaultApplicationContext.java:323)
        at app//io.micronaut.context.DefaultBeanContext.configureAndStartContext(DefaultBeanContext.java:3350)
        at app//io.micronaut.context.DefaultBeanContext.start(DefaultBeanContext.java:353)
        at app//io.micronaut.context.DefaultApplicationContext.start(DefaultApplicationContext.java:225)
        at app//io.micronaut.test.extensions.AbstractMicronautExtension.startApplicationContext(AbstractMicronautExtension.java:507)
        at app//io.micronaut.test.extensions.AbstractMicronautExtension.beforeClass(AbstractMicronautExtension.java:346)
        at app//io.micronaut.test.extensions.junit5.MicronautJunit5Extension.beforeAll(MicronautJunit5Extension.java:84)
        at java.base@23.0.2/java.util.ArrayList.forEach(ArrayList.java:1597)

        Caused by:
        io.micronaut.context.exceptions.BeanInstantiationException: Error instantiating bean of type  [javax.sql.DataSource]

        Message: Failed to initialize pool: The connection attempt failed.
        Path Taken:
        @i.m.c.a.Context j.s.DataSource i.m.c.j.h.DatasourceFactory.dataSource#dataSource(DatasourceConfiguration datasourceConfiguration)
            at app//io.micronaut.context.DefaultBeanContext.resolveByBeanFactory(DefaultBeanContext.java:2352)
            at app//io.micronaut.context.DefaultBeanContext.createRegistration(DefaultBeanContext.java:3150)
            at app//io.micronaut.context.SingletonScope.getOrCreate(SingletonScope.java:80)
            at app//io.micronaut.context.DefaultBeanContext.intializeEagerBean(DefaultBeanContext.java:3039)
            at app//io.micronaut.context.DefaultBeanContext.initializeEagerBean(DefaultBeanContext.java:2699)
            at app//io.micronaut.context.DefaultBeanContext.initializeContext(DefaultBeanContext.java:2034)
            ... 8 more

            Caused by:
            com.zaxxer.hikari.pool.HikariPool$PoolInitializationException: Failed to initialize pool: The connection attempt failed.
                at app//com.zaxxer.hikari.pool.HikariPool.throwPoolInitializationException(HikariPool.java:610)
                at app//com.zaxxer.hikari.pool.HikariPool.checkFailFast(HikariPool.java:597)
                at app//com.zaxxer.hikari.pool.HikariPool.<init>(HikariPool.java:97)
                at app//com.zaxxer.hikari.HikariDataSource.<init>(HikariDataSource.java:80)
                at app//io.micronaut.configuration.jdbc.hikari.HikariUrlDataSource.<init>(HikariUrlDataSource.java:35)
                at app//io.micronaut.configuration.jdbc.hikari.DatasourceFactory.dataSource(DatasourceFactory.java:68)
                at app//io.micronaut.configuration.jdbc.hikari.$DatasourceFactory$DataSource0$Definition.instantiate(Unknown Source)
                at app//io.micronaut.context.BeanDefinitionDelegate.instantiate(BeanDefinitionDelegate.java:183)
                at app//io.micronaut.context.DefaultBeanContext.resolveByBeanFactory(DefaultBeanContext.java:2337)
                ... 13 more

                Caused by:
                org.postgresql.util.PSQLException: The connection attempt failed.
                    at app//org.postgresql.core.v3.ConnectionFactoryImpl.openConnectionImpl(ConnectionFactoryImpl.java:385)
                    at app//org.postgresql.core.ConnectionFactory.openConnection(ConnectionFactory.java:57)
                    at app//org.postgresql.jdbc.PgConnection.<init>(PgConnection.java:277)
                    at app//org.postgresql.Driver.makeConnection(Driver.java:448)
                    at app//org.postgresql.Driver.connect(Driver.java:298)
                    at app//com.zaxxer.hikari.util.DriverDataSource.getConnection(DriverDataSource.java:144)
                    at app//com.zaxxer.hikari.pool.PoolBase.newConnection(PoolBase.java:370)
                    at app//com.zaxxer.hikari.pool.PoolBase.newPoolEntry(PoolBase.java:207)
                    at app//com.zaxxer.hikari.pool.HikariPool.createPoolEntry(HikariPool.java:488)
                    at app//com.zaxxer.hikari.pool.HikariPool.checkFailFast(HikariPool.java:576)
                    ... 20 more

                    Caused by:
                    java.net.UnknownHostException: db
                        at java.base/sun.nio.ch.NioSocketImpl.connect(NioSocketImpl.java:567)
                        at java.base/java.net.SocksSocketImpl.connect(SocksSocketImpl.java:327)
                        at java.base/java.net.Socket.connect(Socket.java:760)
                        at org.postgresql.core.PGStream.createSocket(PGStream.java:261)
                        at org.postgresql.core.PGStream.<init>(PGStream.java:122)
                        at org.postgresql.core.v3.ConnectionFactoryImpl.tryConnect(ConnectionFactoryImpl.java:146)
                        at org.postgresql.core.v3.ConnectionFactoryImpl.openConnectionImpl(ConnectionFactoryImpl.java:289)
                        ... 29 more
Finished generating test XML results (0.001 secs) into: C:\Users\ASUS\Desktop\ISHM\Interactive_Soil_Health_Map\Interactive_Soil_Health_Map\build\test-results\test
Generating HTML test report...
./gradlew : 
At line:1 char:1
+ ./gradlew test --info > test_output.txt 2>&1
+ ~~~~~~~~~~~~~~~~~~~~~~~~~~~~~~~~~~~~~~~~~~~~
    + CategoryInfo          : NotSpecified: (:String) [], RemoteException
    + FullyQualifiedErrorId : NativeCommandError
 
1 test completed, 1 failed
Finished generating test html results (0.004 secs) into: C:\Users\ASUS\Desktop\ISHM\Interactive_Soil_Health_Map\Interactive_Soil_Health_Map\build\reports\tests\test

[Incubating] Problems report is available at: file:///C:/Users/ASUS/Desktop/ISHM/Interactive_Soil_Health_Map/Interactive_Soil_Health_Map/build/reports/problems/problems-report.html

FAILURE: Build failed with an exception.

* What went wrong:
Execution failed for task ':test'.
> There were failing tests. See the report at: file:///C:/Users/ASUS/Desktop/ISHM/Interactive_Soil_Health_Map/Interacti
ve_Soil_Health_Map/build/reports/tests/test/index.html

* Try:
> Run with --scan to get full insights.

Deprecated Gradle features were used in this build, making it incompatible with Gradle 9.0.

You can use '--warning-mode all' to show the individual deprecation warnings and determine if they come from your own scripts or plugins.

For more on this, please refer to https://docs.gradle.org/8.14.2/userguide/command_line_interface.html#sec:command_line_warnings in the Gradle documentation.

BUILD FAILED in 11s
5 actionable tasks: 1 executed, 4 up-to-date
Watched directory hierarchies: [C:\Users\ASUS\Desktop\ISHM\Interactive_Soil_Health_Map\Interactive_Soil_Health_Map]
